// Jest Snapshot v1, https://goo.gl/fbAQLP

exports[`VueTabulator.vue renders correct based in the options 1`] = `
<div class="tabulator" role="grid" tabulator-layout="fitData">
  <div class="tabulator-header">
    <div class="tabulator-headers">
      <div class="tabulator-col tabulator-sortable" role="columnheader" aria-sort="none" tabulator-field="name" style="min-width: 40px; width: 200px;" title="">
        <div class="tabulator-col-content">
          <div class="tabulator-col-title">Name</div>
          <div class="tabulator-arrow"></div>
        </div>
        <div class="tabulator-col-resize-handle"></div>
        <div class="tabulator-col-resize-handle prev"></div>
      </div>
    </div>
    <div class="tabulator-frozen-rows-holder"></div>
  </div>
  <div class="tabulator-tableHolder" tabindex="0">
    <div class="tabulator-table"></div>
  </div>
</div>
`;
